2026-05-08T12:03:34.801+02:00  INFO 28564 --- [booksocial-backend] [main] c.e.b.BooksocialBackendApplication       : Starting BooksocialBackendApplication using Java 25.0.2 with PID 28564 (C:\Users\jgfes\Desktop\ProyectoFinal\booksocial\booksocial-backend\booksocial-backend\target\classes started by jgfes in C:\Users\jgfes\Desktop\ProyectoFinal\booksocial\booksocial-backend\booksocial-backend)
2026-05-08T12:03:34.802+02:00 DEBUG 28564 --- [booksocial-backend] [main] c.e.b.BooksocialBackendApplication       : Running with Spring Boot v3.3.5, Spring v6.1.14
2026-05-08T12:03:34.804+02:00  INFO 28564 --- [booksocial-backend] [main] c.e.b.BooksocialBackendApplication       : No active profile set, falling back to 1 default profile: "default"
2026-05-08T12:03:35.779+02:00  INFO 28564 --- [booksocial-backend] [main] .s.d.r.c.RepositoryConfigurationDelegate : Bootstrapping Spring Data JPA repositories in DEFAULT mode.
2026-05-08T12:03:35.956+02:00  INFO 28564 --- [booksocial-backend] [main] .s.d.r.c.RepositoryConfigurationDelegate : Finished Spring Data repository scanning in 166 ms. Found 19 JPA repository interfaces.
2026-05-08T12:03:36.628+02:00  INFO 28564 --- [booksocial-backend] [main] o.s.b.w.embedded.tomcat.TomcatWebServer  : Tomcat initialized with port 9999 (http)
2026-05-08T12:03:36.644+02:00  INFO 28564 --- [booksocial-backend] [main] o.apache.catalina.core.StandardService   : Starting service [Tomcat]
2026-05-08T12:03:36.646+02:00  INFO 28564 --- [booksocial-backend] [main] o.apache.catalina.core.StandardEngine    : Starting Servlet engine: [Apache Tomcat/10.1.31]
2026-05-08T12:03:36.723+02:00  INFO 28564 --- [booksocial-backend] [main] o.a.c.c.C.[Tomcat].[localhost].[/]       : Initializing Spring embedded WebApplicationContext
2026-05-08T12:03:36.724+02:00  INFO 28564 --- [booksocial-backend] [main] w.s.c.ServletWebServerApplicationContext : Root WebApplicationContext: initialization completed in 1872 ms
2026-05-08T12:03:36.870+02:00  INFO 28564 --- [booksocial-backend] [main] o.hibernate.jpa.internal.util.LogHelper  : HHH000204: Processing PersistenceUnitInfo [name: default]
2026-05-08T12:03:36.954+02:00  INFO 28564 --- [booksocial-backend] [main] org.hibernate.Version                    : HHH000412: Hibernate ORM core version 6.5.3.Final
2026-05-08T12:03:36.998+02:00  INFO 28564 --- [booksocial-backend] [main] o.h.c.internal.RegionFactoryInitiator    : HHH000026: Second-level cache disabled
2026-05-08T12:03:37.400+02:00  INFO 28564 --- [booksocial-backend] [main] o.s.o.j.p.SpringPersistenceUnitInfo      : No LoadTimeWeaver setup: ignoring JPA class transformer
2026-05-08T12:03:37.439+02:00  INFO 28564 --- [booksocial-backend] [main] com.zaxxer.hikari.HikariDataSource       : HikariPool-1 - Starting...
2026-05-08T12:03:37.610+02:00  INFO 28564 --- [booksocial-backend] [main] com.zaxxer.hikari.pool.HikariPool        : HikariPool-1 - Added connection com.mysql.cj.jdbc.ConnectionImpl@448086ab
2026-05-08T12:03:37.613+02:00  INFO 28564 --- [booksocial-backend] [main] com.zaxxer.hikari.HikariDataSource       : HikariPool-1 - Start completed.
2026-05-08T12:03:37.660+02:00  WARN 28564 --- [booksocial-backend] [main] org.hibernate.dialect.Dialect            : HHH000511: The 5.5.5 version for [org.hibernate.dialect.MySQLDialect] is no longer supported, hence certain features may not work properly. The minimum supported version is 8.0.0. Check the community dialects project for available legacy versions.
2026-05-08T12:03:37.666+02:00  WARN 28564 --- [booksocial-backend] [main] org.hibernate.orm.deprecation            : HHH90000025: MySQLDialect does not need to be specified explicitly using 'hibernate.dialect' (remove the property setting and it will be selected by default)
2026-05-08T12:03:38.943+02:00  INFO 28564 --- [booksocial-backend] [main] o.h.e.t.j.p.i.JtaPlatformInitiator       : HHH000489: No JTA platform available (set 'hibernate.transaction.jta.platform' to enable JTA platform integration)
2026-05-08T12:03:41.563+02:00  INFO 28564 --- [booksocial-backend] [main] j.LocalContainerEntityManagerFactoryBean : Initialized JPA EntityManagerFactory for persistence unit 'default'
2026-05-08T12:03:41.941+02:00  INFO 28564 --- [booksocial-backend] [main] o.s.d.j.r.query.QueryEnhancerFactory     : Hibernate is in classpath; If applicable, HQL parser will be used.
2026-05-08T12:03:42.368+02:00 DEBUG 28564 --- [booksocial-backend] [main] c.e.b.security.jwt.AuthTokenFilter       : Filter 'authenticationJwtTokenFilter' configured for use
2026-05-08T12:03:42.443+02:00  WARN 28564 --- [booksocial-backend] [main] r$InitializeUserDetailsManagerConfigurer : Global AuthenticationManager configured with an AuthenticationProvider bean. UserDetailsService beans will not be used for username/password login. Consider removing the AuthenticationProvider bean. Alternatively, consider using the UserDetailsService in a manually instantiated DaoAuthenticationProvider.
2026-05-08T12:03:43.223+02:00  WARN 28564 --- [booksocial-backend] [main] JpaBaseConfiguration$JpaWebConfiguration : spring.jpa.open-in-view is enabled by default. Therefore, database queries may be performed during view rendering. Explicitly configure spring.jpa.open-in-view to disable this warning
2026-05-08T12:03:43.965+02:00  INFO 28564 --- [booksocial-backend] [main] o.s.b.w.embedded.tomcat.TomcatWebServer  : Tomcat started on port 9999 (http) with context path '/'
2026-05-08T12:03:43.981+02:00  INFO 28564 --- [booksocial-backend] [main] c.e.b.BooksocialBackendApplication       : Started BooksocialBackendApplication in 9.612 seconds (process running for 9.998)
2026-05-08T12:03:43.990+02:00  INFO 28564 --- [booksocial-backend] [main] c.e.b.c.ApplicationLifecycleListener     : =================================================================
2026-05-08T12:03:43.992+02:00  INFO 28564 --- [booksocial-backend] [main] c.e.b.c.ApplicationLifecycleListener     :   booksocial-backend arrancado correctamente
2026-05-08T12:03:43.994+02:00  INFO 28564 --- [booksocial-backend] [main] c.e.b.c.ApplicationLifecycleListener     :   Puerto      : 9999
2026-05-08T12:03:43.995+02:00  INFO 28564 --- [booksocial-backend] [main] c.e.b.c.ApplicationLifecycleListener     :   Perfiles    : default
2026-05-08T12:03:43.997+02:00  INFO 28564 --- [booksocial-backend] [main] c.e.b.c.ApplicationLifecycleListener     :   ddl-auto    : update
2026-05-08T12:03:43.998+02:00  INFO 28564 --- [booksocial-backend] [main] c.e.b.c.ApplicationLifecycleListener     :   Entidades JPA gestionadas: 19
2026-05-08T12:03:44.000+02:00  INFO 28564 --- [booksocial-backend] [main] c.e.b.c.ApplicationLifecycleListener     :   Swagger UI  : http://localhost:9999/swagger-ui/index.html
2026-05-08T12:03:44.009+02:00  INFO 28564 --- [booksocial-backend] [main] c.e.b.c.ApplicationLifecycleListener     : =================================================================
2026-05-08T12:03:44.009+02:00  WARN 28564 --- [booksocial-backend] [main] c.e.b.c.ApplicationLifecycleListener     : [CONFIG] ddl-auto='update' detectado — NO usar en producción
2026-05-08T12:03:44.011+02:00  WARN 28564 --- [booksocial-backend] [main] c.e.b.c.ApplicationLifecycleListener     : [CONFIG] jwt.secret no configurado — usando valor por defecto inseguro
2026-05-08T12:03:44.012+02:00  WARN 28564 --- [booksocial-backend] [main] c.e.b.c.ApplicationLifecycleListener     : [CONFIG] spring.datasource.password está vacío
2026-05-08T12:04:37.433+02:00  INFO 28564 --- [booksocial-backend] [SpringApplicationShutdownHook] c.e.b.c.ApplicationLifecycleListener     : =================================================================
2026-05-08T12:04:37.435+02:00  INFO 28564 --- [booksocial-backend] [SpringApplicationShutdownHook] c.e.b.c.ApplicationLifecycleListener     :   BookSocial backend detenido limpiamente
2026-05-08T12:04:37.435+02:00  INFO 28564 --- [booksocial-backend] [SpringApplicationShutdownHook] c.e.b.c.ApplicationLifecycleListener     : =================================================================
2026-05-08T12:04:37.437+02:00  INFO 28564 --- [booksocial-backend] [SpringApplicationShutdownHook] j.LocalContainerEntityManagerFactoryBean : Closing JPA EntityManagerFactory for persistence unit 'default'
2026-05-08T12:04:37.438+02:00  INFO 28564 --- [booksocial-backend] [SpringApplicationShutdownHook] com.zaxxer.hikari.HikariDataSource       : HikariPool-1 - Shutdown initiated...
2026-05-08T12:04:37.445+02:00  INFO 28564 --- [booksocial-backend] [SpringApplicationShutdownHook] com.zaxxer.hikari.HikariDataSource       : HikariPool-1 - Shutdown completed.
